** Drc report for /home/iommu/Desktop/ECTE457/BBLP/Schematics/Mainboard/Mainboard.kicad_pcb **
** Created on 2021-09-03 13:58:32 **

** Found 0 DRC violations **

** Found 0 unconnected pads **

** Found 74 Footprint errors **
[net_conflict]: Pad missing net given by schematic (unconnected-(J1-PadA5)).
    ; Severity: warning
    @(66.8850 mm, 49.6500 mm): Pad A5 of J1 on B.Cu
[net_conflict]: Pad missing net given by schematic (unconnected-(J1-PadA8)).
    ; Severity: warning
    @(69.3850 mm, 49.6500 mm): Pad A8 of J1 on B.Cu
[net_conflict]: Pad missing net given by schematic (unconnected-(J1-PadB5)).
    ; Severity: warning
    @(69.8850 mm, 49.6500 mm): Pad B5 of J1 on B.Cu
[net_conflict]: Pad missing net given by schematic (unconnected-(J1-PadB8)).
    ; Severity: warning
    @(66.3850 mm, 49.6500 mm): Pad B8 of J1 on B.Cu
[net_conflict]: Pad missing net given by schematic (unconnected-(J4-Pad8)).
    ; Severity: warning
    @(198.6030 mm, 63.2610 mm): Through hole pad 8 of J4
[net_conflict]: Pad missing net given by schematic (unconnected-(U1-Pad4)).
    ; Severity: warning
    @(157.9150 mm, 53.5740 mm): Pad 4 of U1 on B.Cu
[net_conflict]: Pad missing net given by schematic (unconnected-(U1-Pad5)).
    ; Severity: warning
    @(157.9150 mm, 54.8440 mm): Pad 5 of U1 on B.Cu
[net_conflict]: Pad missing net given by schematic (unconnected-(U1-Pad18)).
    ; Severity: warning
    @(151.3200 mm, 67.2740 mm): Pad 18 of U1 on B.Cu
[net_conflict]: Pad missing net given by schematic (unconnected-(U1-Pad19)).
    ; Severity: warning
    @(150.0500 mm, 67.2740 mm): Pad 19 of U1 on B.Cu
[net_conflict]: Pad missing net given by schematic (unconnected-(U1-Pad20)).
    ; Severity: warning
    @(148.7800 mm, 67.2740 mm): Pad 20 of U1 on B.Cu
[net_conflict]: Pad missing net given by schematic (unconnected-(U1-Pad21)).
    ; Severity: warning
    @(147.5100 mm, 67.2740 mm): Pad 21 of U1 on B.Cu
[net_conflict]: Pad missing net given by schematic (unconnected-(U1-Pad22)).
    ; Severity: warning
    @(146.2400 mm, 67.2740 mm): Pad 22 of U1 on B.Cu
[net_conflict]: Pad missing net given by schematic (unconnected-(U1-Pad23)).
    ; Severity: warning
    @(144.9700 mm, 67.2740 mm): Pad 23 of U1 on B.Cu
[net_conflict]: Pad missing net given by schematic (unconnected-(U1-Pad24)).
    ; Severity: warning
    @(143.7000 mm, 67.2740 mm): Pad 24 of U1 on B.Cu
[net_conflict]: Pad missing net given by schematic (unconnected-(U1-Pad32)).
    ; Severity: warning
    @(140.9150 mm, 57.3840 mm): Pad 32 of U1 on B.Cu
[net_conflict]: Pad missing net given by schematic (unconnected-(J5-Pad1)).
    ; Severity: warning
    @(100.1140 mm, 74.3590 mm): Pad 1 of J5 on B.Cu
[net_conflict]: Pad missing net given by schematic (unconnected-(J5-Pad6)).
    ; Severity: warning
    @(100.1140 mm, 87.0590 mm): Pad 6 of J5 on B.Cu
[net_conflict]: Pad missing net given by schematic (unconnected-(J6-Pad6)).
    ; Severity: warning
    @(119.9510 mm, 87.0590 mm): Pad 6 of J6 on B.Cu
[net_conflict]: Pad missing net given by schematic (unconnected-(J10-Pad1)).
    ; Severity: warning
    @(63.2840 mm, 72.5810 mm): Pad 1 of J10 on B.Cu
[net_conflict]: Pad missing net given by schematic (/Power management/STAT).
    ; Severity: warning
    @(63.2840 mm, 59.8810 mm): Pad 6 of J10 on B.Cu
[net_conflict]: Pad missing net given by schematic (unconnected-(J12-Pad1)).
    ; Severity: warning
    @(83.1210 mm, 72.5810 mm): Pad 1 of J12 on B.Cu
[net_conflict]: Pad missing net given by schematic (unconnected-(J12-Pad6)).
    ; Severity: warning
    @(83.1210 mm, 59.8810 mm): Pad 6 of J12 on B.Cu
[net_conflict]: Pad missing net given by schematic (unconnected-(J13-Pad1)).
    ; Severity: warning
    @(63.3840 mm, 98.9720 mm): Pad 1 of J13 on B.Cu
[net_conflict]: Pad missing net given by schematic (unconnected-(J13-Pad6)).
    ; Severity: warning
    @(63.3840 mm, 86.2720 mm): Pad 6 of J13 on B.Cu
[net_conflict]: Pad missing net given by schematic (unconnected-(J14-Pad1)).
    ; Severity: warning
    @(83.2210 mm, 98.9720 mm): Pad 1 of J14 on B.Cu
[net_conflict]: Pad missing net given by schematic (unconnected-(J14-Pad6)).
    ; Severity: warning
    @(83.2210 mm, 86.2720 mm): Pad 6 of J14 on B.Cu
[net_conflict]: Pad missing net given by schematic (unconnected-(SW2-Pad1)).
    ; Severity: warning
    @(72.6440 mm, 126.2440 mm): Through hole pad 1 of SW2
[net_conflict]: Pad missing net given by schematic (unconnected-(J44-Pad1)).
    ; Severity: warning
    @(139.7000 mm, 73.0500 mm): Pad 1 of J44 on B.Cu
[net_conflict]: Pad missing net given by schematic (unconnected-(J44-Pad6)).
    ; Severity: warning
    @(139.7000 mm, 85.7500 mm): Pad 6 of J44 on B.Cu
[net_conflict]: Pad missing net given by schematic (unconnected-(J45-Pad1)).
    ; Severity: warning
    @(159.5120 mm, 73.0500 mm): Pad 1 of J45 on B.Cu
[net_conflict]: Pad missing net given by schematic (unconnected-(J45-Pad2)).
    ; Severity: warning
    @(159.5120 mm, 75.5900 mm): Pad 2 of J45 on B.Cu
[net_conflict]: Pad missing net given by schematic (unconnected-(J45-Pad5)).
    ; Severity: warning
    @(159.5120 mm, 83.2100 mm): Pad 5 of J45 on B.Cu
[net_conflict]: Pad missing net given by schematic (unconnected-(J45-Pad6)).
    ; Severity: warning
    @(159.5120 mm, 85.7500 mm): Pad 6 of J45 on B.Cu
[net_conflict]: Pad missing net given by schematic (/User interface/Expand INT).
    ; Severity: warning
    @(146.4520 mm, 97.2220 mm): Pad 1 of U4 on B.Cu
[net_conflict]: Pad missing net given by schematic (unconnected-(U4-Pad3)).
    ; Severity: warning
    @(146.4520 mm, 95.9220 mm): Pad 3 of U4 on B.Cu
[net_conflict]: Pad missing net given by schematic (unconnected-(U4-Pad8)).
    ; Severity: warning
    @(146.4520 mm, 92.6720 mm): Pad 8 of U4 on B.Cu
[net_conflict]: Pad missing net given by schematic (unconnected-(U4-Pad13)).
    ; Severity: warning
    @(152.2520 mm, 92.6720 mm): Pad 13 of U4 on B.Cu
[net_conflict]: Pad missing net given by schematic (unconnected-(U4-Pad18)).
    ; Severity: warning
    @(152.2520 mm, 95.9220 mm): Pad 18 of U4 on B.Cu
[net_conflict]: Pad missing net given by schematic (unconnected-(U3-Pad7)).
    ; Severity: warning
    @(89.6142 mm, 47.1320 mm): Pad 7 of U3 on B.Cu
[net_conflict]: Pad missing net given by schematic (unconnected-(U3-Pad8)).
    ; Severity: warning
    @(89.6142 mm, 45.8620 mm): Pad 8 of U3 on B.Cu
[net_conflict]: Pad missing net given by schematic (unconnected-(U3-Pad9)).
    ; Severity: warning
    @(94.5643 mm, 45.8620 mm): Pad 9 of U3 on B.Cu
[net_conflict]: Pad missing net given by schematic (unconnected-(U3-Pad10)).
    ; Severity: warning
    @(94.5643 mm, 47.1320 mm): Pad 10 of U3 on B.Cu
[net_conflict]: Pad missing net given by schematic (unconnected-(U3-Pad11)).
    ; Severity: warning
    @(94.5643 mm, 48.4020 mm): Pad 11 of U3 on B.Cu
[net_conflict]: Pad missing net given by schematic (unconnected-(U3-Pad12)).
    ; Severity: warning
    @(94.5643 mm, 49.6720 mm): Pad 12 of U3 on B.Cu
[net_conflict]: Pad missing net given by schematic (unconnected-(U3-Pad15)).
    ; Severity: warning
    @(94.5643 mm, 53.4820 mm): Pad 15 of U3 on B.Cu
[net_conflict]: Pad missing net given by schematic (unconnected-(C11-Pad1)).
    ; Severity: warning
    @(216.2291 mm, 52.5780 mm): Pad 1 of C11 on B.Cu
[net_conflict]: Pad missing net given by schematic (unconnected-(C11-Pad2)).
    ; Severity: warning
    @(214.6791 mm, 52.5780 mm): Pad 2 of C11 on B.Cu
[net_conflict]: Pad missing net given by schematic (unconnected-(C12-Pad1)).
    ; Severity: warning
    @(212.1791 mm, 48.5480 mm): Pad 1 of C12 on B.Cu
[net_conflict]: Pad missing net given by schematic (unconnected-(C12-Pad2)).
    ; Severity: warning
    @(210.6291 mm, 48.5480 mm): Pad 2 of C12 on B.Cu
[net_conflict]: Pad missing net given by schematic (unconnected-(C13-Pad1)).
    ; Severity: warning
    @(212.2191 mm, 51.1380 mm): Pad 1 of C13 on B.Cu
[net_conflict]: Pad missing net given by schematic (unconnected-(C13-Pad2)).
    ; Severity: warning
    @(210.6691 mm, 51.1380 mm): Pad 2 of C13 on B.Cu
[net_conflict]: Pad missing net given by schematic (unconnected-(D7-Pad1)).
    ; Severity: warning
    @(220.2116 mm, 50.0280 mm): Pad 1 of D7 on B.Cu
[net_conflict]: Pad missing net given by schematic (unconnected-(D7-Pad2)).
    ; Severity: warning
    @(218.6366 mm, 50.0280 mm): Pad 2 of D7 on B.Cu
[net_conflict]: Pad missing net given by schematic (unconnected-(D8-Pad1)).
    ; Severity: warning
    @(224.2616 mm, 52.6180 mm): Pad 1 of D8 on B.Cu
[net_conflict]: Pad missing net given by schematic (unconnected-(D8-Pad2)).
    ; Severity: warning
    @(222.6866 mm, 52.6180 mm): Pad 2 of D8 on B.Cu
[net_conflict]: Pad missing net given by schematic (unconnected-(D9-Pad3)).
    ; Severity: warning
    @(222.0591 mm, 47.4080 mm): Pad 3 of D9 on B.Cu
[net_conflict]: Pad missing net given by schematic (unconnected-(D9-Pad4)).
    ; Severity: warning
    @(222.0591 mm, 46.1080 mm): Pad 4 of D9 on B.Cu
[net_conflict]: Pad missing net given by schematic (unconnected-(D9-Pad2)).
    ; Severity: warning
    @(224.0591 mm, 47.4080 mm): Pad 2 of D9 on B.Cu
[net_conflict]: Pad missing net given by schematic (unconnected-(D9-Pad1)).
    ; Severity: warning
    @(224.0591 mm, 46.1080 mm): Pad 1 of D9 on B.Cu
[net_conflict]: Pad missing net given by schematic (unconnected-(D10-Pad1)).
    ; Severity: warning
    @(219.3416 mm, 46.0780 mm): Pad 1 of D10 on B.Cu
[net_conflict]: Pad missing net given by schematic (unconnected-(D10-Pad2)).
    ; Severity: warning
    @(217.7666 mm, 46.0780 mm): Pad 2 of D10 on B.Cu
[net_conflict]: Pad missing net given by schematic (unconnected-(D11-Pad1)).
    ; Severity: warning
    @(224.2616 mm, 50.0280 mm): Pad 1 of D11 on B.Cu
[net_conflict]: Pad missing net given by schematic (unconnected-(D11-Pad2)).
    ; Severity: warning
    @(222.6866 mm, 50.0280 mm): Pad 2 of D11 on B.Cu
[net_conflict]: Pad missing net given by schematic (unconnected-(Q4-Pad1)).
    ; Severity: warning
    @(230.8700 mm, 44.5160 mm): Pad 1 of Q4 on B.Cu
[net_conflict]: Pad missing net given by schematic (unconnected-(Q4-Pad2)).
    ; Severity: warning
    @(230.8700 mm, 46.4160 mm): Pad 2 of Q4 on B.Cu
[net_conflict]: Pad missing net given by schematic (unconnected-(Q4-Pad3)).
    ; Severity: warning
    @(228.8700 mm, 45.4660 mm): Pad 3 of Q4 on B.Cu
[net_conflict]: Pad missing net given by schematic (unconnected-(R27-Pad1)).
    ; Severity: warning
    @(211.3591 mm, 46.0380 mm): Pad 1 of R27 on B.Cu
[net_conflict]: Pad missing net given by schematic (unconnected-(R27-Pad2)).
    ; Severity: warning
    @(209.7091 mm, 46.0380 mm): Pad 2 of R27 on B.Cu
[net_conflict]: Pad missing net given by schematic (unconnected-(R28-Pad1)).
    ; Severity: warning
    @(220.2891 mm, 52.5780 mm): Pad 1 of R28 on B.Cu
[net_conflict]: Pad missing net given by schematic (unconnected-(R28-Pad2)).
    ; Severity: warning
    @(218.6391 mm, 52.5780 mm): Pad 2 of R28 on B.Cu
[net_conflict]: Pad missing net given by schematic (unconnected-(R29-Pad1)).
    ; Severity: warning
    @(216.2391 mm, 48.6280 mm): Pad 1 of R29 on B.Cu
[net_conflict]: Pad missing net given by schematic (unconnected-(R29-Pad2)).
    ; Severity: warning
    @(214.5891 mm, 48.6280 mm): Pad 2 of R29 on B.Cu
[net_conflict]: Pad missing net given by schematic (unconnected-(R30-Pad1)).
    ; Severity: warning
    @(215.3691 mm, 46.0380 mm): Pad 1 of R30 on B.Cu
[net_conflict]: Pad missing net given by schematic (unconnected-(R30-Pad2)).
    ; Severity: warning
    @(213.7191 mm, 46.0380 mm): Pad 2 of R30 on B.Cu

** End of Report **
