** Drc report for /home/iommu/Desktop/ECTE457/BBLP/Schematics/SubCircuits/SubCircuits.kicad_pcb **
** Created on 2021-05-03 15:06:45 **

** Found 13 DRC violations **
[clearance]: Clearance violation (netclass 'Default' clearance 0.2000 mm; actual 0.1270 mm) Severity: error (excluded)
    @(127.6350 mm, 80.3910 mm): Via [/STM32/D1] on F.Cu - B.Cu
    @(-0.9000 mm, -0.3000 mm): Polygon on F.Cu
[clearance]: Clearance violation (netclass 'Default' clearance 0.2000 mm; actual 0.1960 mm) Severity: error (excluded)
    @(120.3390 mm, 72.4285 mm): Via [GND] on F.Cu - B.Cu
    @(121.2850 mm, 71.7680 mm): Pad 1 of C15 on F.Cu
[clearance]: Clearance violation (netclass 'Default' clearance 0.2000 mm; actual 0.0000 mm) Severity: error (excluded)
    @(127.7620 mm, 75.0570 mm): Via [/STM32/D0] on F.Cu - B.Cu
    @(-0.9000 mm, -0.3000 mm): Polygon on F.Cu
[clearance]: Clearance violation (netclass 'Default' clearance 0.2000 mm; actual 0.0000 mm) Severity: error (excluded)
    @(127.7620 mm, 78.9640 mm): Pad 1 of JP2 on F.Cu
    @(-0.9000 mm, -0.3000 mm): Polygon on F.Cu
[clearance]: Clearance violation (netclass 'Default' clearance 0.2000 mm; actual 0.0000 mm) Severity: error (excluded)
    @(127.7620 mm, 80.2640 mm): Pad 2 of JP2 on F.Cu
    @(-0.9000 mm, -0.3000 mm): Polygon on F.Cu
[clearance]: Clearance violation (netclass 'Default' clearance 0.2000 mm; actual 0.0000 mm) Severity: error (excluded)
    @(127.7620 mm, 76.3570 mm): Pad 1 of JP1 on F.Cu
    @(-0.9000 mm, -0.3000 mm): Polygon on F.Cu
[clearance]: Clearance violation (netclass 'Default' clearance 0.2000 mm; actual 0.0000 mm) Severity: error (excluded)
    @(127.7620 mm, 75.0570 mm): Pad 2 of JP1 on F.Cu
    @(-0.9000 mm, -0.3000 mm): Polygon on F.Cu
[clearance]: Clearance violation (netclass 'Default' clearance 0.2000 mm; actual 0.1796 mm) Severity: error (excluded)
    @(82.6770 mm, 56.1340 mm): Zone [VBUS] on F.Cu
    @(83.1850 mm, 54.8640 mm): Zone [Net-(C3-Pad1)] on F.Cu
[clearance]: Clearance violation (netclass 'Default' clearance 0.2000 mm; actual 0.1796 mm) Severity: error (excluded)
    @(82.6770 mm, 56.1340 mm): Zone [VBUS] on F.Cu
    @(83.1850 mm, 54.8640 mm): Zone [Net-(C3-Pad1)] on F.Cu
[drill_out_of_range]: Drill out of range (board setup constraints min width 0.3000 mm; actual 0.2000 mm) Severity: error (excluded)
    @(129.5175 mm, 60.0710 mm): Through hole pad 11 of U2
[drill_out_of_range]: Drill out of range (board setup constraints min width 0.3000 mm; actual 0.2000 mm) Severity: error (excluded)
    @(128.5675 mm, 60.6460 mm): Through hole pad 11 of U2
[drill_out_of_range]: Drill out of range (board setup constraints min width 0.3000 mm; actual 0.2000 mm) Severity: error (excluded)
    @(128.5675 mm, 59.4960 mm): Through hole pad 11 of U2
[drill_out_of_range]: Drill out of range (board setup constraints min width 0.3000 mm; actual 0.2000 mm) Severity: error (excluded)
    @(127.6175 mm, 60.0710 mm): Through hole pad 11 of U2

** Found 8 unconnected pads **
[unconnected_items]: Missing connection between items Severity: error
    @(128.4405 mm, 63.3730 mm): Pad 2 of C7 on F.Cu
    @(121.2850 mm, 70.2180 mm): Track [GND] on F.Cu, length 1.5240 mm
[unconnected_items]: Missing connection between items Severity: error
    @(97.0160 mm, 83.9890 mm): Track [GND] on F.Cu, length 4.9230 mm
    @(98.8045 mm, 94.2325 mm): Track [GND] on B.Cu, length 1.6186 mm
[unconnected_items]: Missing connection between items Severity: error
    @(102.6160 mm, 83.3120 mm): Through hole pad 3 of J5
    @(112.5220 mm, 77.5970 mm): Track [GND] on B.Cu, length 3.5638 mm
[unconnected_items]: Missing connection between items Severity: error
    @(87.4270 mm, 76.9620 mm): Track [GND] on F.Cu, length 3.5355 mm
    @(97.0160 mm, 83.9890 mm): Track [GND] on F.Cu, length 4.9230 mm
[unconnected_items]: Missing connection between items Severity: error
    @(95.5160 mm, 82.8890 mm): Track [+3V3] on F.Cu, length 6.5860 mm
    @(79.3740 mm, 79.3750 mm): Track [+3V3] on B.Cu, length 6.7320 mm
[unconnected_items]: Missing connection between items Severity: error
    @(98.7090 mm, 92.8670 mm): Track [+3V3] on B.Cu, length 22.1280 mm
    @(95.5160 mm, 82.8890 mm): Track [+3V3] on F.Cu, length 6.5860 mm
[unconnected_items]: Missing connection between items Severity: error
    @(129.8375 mm, 62.3570 mm): Track [+3V3] on B.Cu, length 3.9370 mm
    @(122.6960 mm, 71.8810 mm): Track [+3V3] on F.Cu, length 0.1598 mm
[unconnected_items]: Missing connection between items Severity: error
    @(102.6160 mm, 78.2320 mm): Through hole pad 1 of J5
    @(121.1580 mm, 82.1690 mm): Track [+3V3] on B.Cu, length 2.6941 mm

** Found 28 Footprint errors **
[net_conflict]: Pad missing net given by schematic (unconnected-(J1-PadA5)). Severity: warning
    @(75.1130 mm, 55.7730 mm): Pad A5 of J1 on F.Cu
[net_conflict]: Pad missing net given by schematic (unconnected-(J1-PadA6)). Severity: warning
    @(75.1130 mm, 56.7730 mm): Pad A6 of J1 on F.Cu
[net_conflict]: Pad missing net given by schematic (unconnected-(J1-PadA7)). Severity: warning
    @(75.1130 mm, 57.2730 mm): Pad A7 of J1 on F.Cu
[net_conflict]: Pad missing net given by schematic (unconnected-(J1-PadA8)). Severity: warning
    @(75.1130 mm, 58.2730 mm): Pad A8 of J1 on F.Cu
[net_conflict]: Pad missing net given by schematic (unconnected-(J1-PadB5)). Severity: warning
    @(75.1130 mm, 58.7730 mm): Pad B5 of J1 on F.Cu
[net_conflict]: Pad missing net given by schematic (unconnected-(J1-PadB6)). Severity: warning
    @(75.1130 mm, 57.7730 mm): Pad B6 of J1 on F.Cu
[net_conflict]: Pad missing net given by schematic (unconnected-(J1-PadB7)). Severity: warning
    @(75.1130 mm, 56.2730 mm): Pad B7 of J1 on F.Cu
[net_conflict]: Pad missing net given by schematic (unconnected-(J1-PadB8)). Severity: warning
    @(75.1130 mm, 55.2730 mm): Pad B8 of J1 on F.Cu
[net_conflict]: Pad missing net given by schematic (unconnected-(U1-Pad5)). Severity: warning
    @(84.1350 mm, 58.7075 mm): Pad 5 of U1 on F.Cu
[net_conflict]: Pad missing net given by schematic (unconnected-(U1-Pad6)). Severity: warning
    @(84.6350 mm, 58.7075 mm): Pad 6 of U1 on F.Cu
[net_conflict]: Pad missing net given by schematic (unconnected-(U1-Pad8)). Severity: warning
    @(85.6350 mm, 58.7075 mm): Pad 8 of U1 on F.Cu
[net_conflict]: Pad missing net given by schematic (unconnected-(SW1-Pad2)). Severity: warning
    @(119.6775 mm, 55.6660 mm): Through hole pad 2 of SW1
[net_conflict]: Pad missing net given by schematic (unconnected-(SW1-Pad5)). Severity: warning
    @(117.1775 mm, 55.6660 mm): Through hole pad 5 of SW1
[net_conflict]: Pad missing net given by schematic (unconnected-(D3-Pad2)). Severity: warning
    @(95.5160 mm, 83.9890 mm): Pad 2 of D3 on F.Cu
[net_conflict]: Pad missing net given by schematic (/STM32/TX). Severity: warning
    @(117.9930 mm, 92.1620 mm): Pad 1 of J9 on F.Cu
[net_conflict]: Pad missing net given by schematic (/STM32/RX). Severity: warning
    @(121.8030 mm, 92.1620 mm): Pad 8 of J9 on B.Cu
[net_conflict]: Pad missing net given by schematic (/STM32/D0_SPI). Severity: warning
    @(127.7620 mm, 73.7570 mm): Pad 3 of JP1 on F.Cu
[net_conflict]: Pad missing net given by schematic (/STM32/D1_SPI). Severity: warning
    @(127.7620 mm, 81.5640 mm): Pad 3 of JP2 on F.Cu
[net_conflict]: Pad missing net given by schematic (unconnected-(U5-Pad2)). Severity: warning
    @(122.9680 mm, 73.6260 mm): Pad 2 of U5 on F.Cu
[net_conflict]: Pad missing net given by schematic (unconnected-(U5-Pad3)). Severity: warning
    @(122.1680 mm, 73.6260 mm): Pad 3 of U5 on F.Cu
[net_conflict]: Pad missing net given by schematic (unconnected-(U5-Pad13)). Severity: warning
    @(116.7930 mm, 78.2010 mm): Pad 13 of U5 on F.Cu
[net_conflict]: Pad missing net given by schematic (unconnected-(U5-Pad14)). Severity: warning
    @(116.7930 mm, 79.0010 mm): Pad 14 of U5 on F.Cu
[net_conflict]: Pad missing net given by schematic (unconnected-(U5-Pad18)). Severity: warning
    @(118.9680 mm, 81.9760 mm): Pad 18 of U5 on F.Cu
[net_conflict]: Pad missing net given by schematic (unconnected-(U5-Pad20)). Severity: warning
    @(120.5680 mm, 81.9760 mm): Pad 20 of U5 on F.Cu
[net_conflict]: Pad missing net given by schematic (unconnected-(U5-Pad26)). Severity: warning
    @(125.1430 mm, 79.8010 mm): Pad 26 of U5 on F.Cu
[net_conflict]: Pad missing net given by schematic (unconnected-(U5-Pad28)). Severity: warning
    @(125.1430 mm, 78.2010 mm): Pad 28 of U5 on F.Cu
[net_conflict]: Pad missing net given by schematic (unconnected-(U5-Pad29)). Severity: warning
    @(125.1430 mm, 77.4010 mm): Pad 29 of U5 on F.Cu
[net_conflict]: Pad missing net given by schematic (unconnected-(U5-Pad32)). Severity: warning
    @(125.1430 mm, 75.0010 mm): Pad 32 of U5 on F.Cu

** End of Report **
